======================================
Test suite for 2-matrix_divided module
======================================

>>> matrix_divided = __import__('2-matrix_divided').matrix_divided

Testing normal division:
>>> matrix = [[1, 2, 3], [4, 5, 6]]
>>> matrix_divided(matrix, 3)
[[0.33, 0.67, 1.0], [1.33, 1.67, 2.0]]

Testing div as a float:
>>> matrix_divided(matrix, 2.0)
[[0.5, 1.0, 1.5], [2.0, 2.5, 3.0]]

Testing negative div:
>>> matrix_divided(matrix, -2)
[[-0.5, -1.0, -1.5], [-2.0, -2.5, -3.0]]

Testing matrix with different row sizes:
>>> matrix_divided([[1, 2, 3], [4, 5]], 3)
Traceback (most recent call last):
    ...
TypeError: Each row of the matrix must have the same size

Testing matrix with wrong types:
>>> matrix_divided([[1, "2", 3], [4, 5, 6]], 3)
Traceback (most recent call last):
    ...
TypeError: matrix must be a matrix (list of lists) of integers/floats

Testing non-list matrix:
>>> matrix_divided("Hello", 3)
Traceback (most recent call last):
    ...
TypeError: matrix must be a matrix (list of lists) of integers/floats

Testing div not a number:
>>> matrix_divided([[1, 2], [3, 4]], "3")
Traceback (most recent call last):
    ...
TypeError: div must be a number

Testing division by zero:
>>> matrix_divided([[1, 2], [3, 4]], 0)
Traceback (most recent call last):
    ...
ZeroDivisionError: division by zero
